Archive member included to satisfy reference by file (symbol)

/usr/bin/../lib/gcc/arm-none-eabi/7.3.1/thumb/v7-m/libgcc.a(_aeabi_uldivmod.o)
                              hwlib.o (__aeabi_uldivmod)
/usr/bin/../lib/gcc/arm-none-eabi/7.3.1/thumb/v7-m/libgcc.a(_udivmoddi4.o)
                              /usr/bin/../lib/gcc/arm-none-eabi/7.3.1/thumb/v7-m/libgcc.a(_aeabi_uldivmod.o) (__udivmoddi4)
/usr/bin/../lib/gcc/arm-none-eabi/7.3.1/thumb/v7-m/libgcc.a(_dvmd_tls.o)
                              /usr/bin/../lib/gcc/arm-none-eabi/7.3.1/thumb/v7-m/libgcc.a(_aeabi_uldivmod.o) (__aeabi_ldiv0)
/usr/bin/../lib/gcc/arm-none-eabi/7.3.1/../../../../arm-none-eabi/lib/thumb/v7-m/libc.a(lib_a-memcpy.o)
                              main.o (memcpy)

Allocating common symbols
Common symbol       size              file

__dso_handle        0x4               bmptk_cortex.o

Discarded input sections

 .group         0x0000000000000000        0xc ILI9341_buffered.o
 .group         0x0000000000000000        0x8 ILI9341_buffered.o
 .group         0x0000000000000000        0xc ILI9341_buffered.o
 .group         0x0000000000000000        0xc ILI9341_buffered.o
 .group         0x0000000000000000        0xc ILI9341_buffered.o
 .text          0x0000000000000000        0x0 ILI9341_buffered.o
 .data          0x0000000000000000        0x0 ILI9341_buffered.o
 .bss           0x0000000000000000        0x0 ILI9341_buffered.o
 .text._ZN3due11ad_pin_infoENS_7ad_pinsE
                0x0000000000000000       0x1c ILI9341_buffered.o
 .text._ZN3due11ad_seq_infoEm
                0x0000000000000000       0x20 ILI9341_buffered.o
 .text._ZN5hwlib9uart_putcEc
                0x0000000000000000        0x4 ILI9341_buffered.o
 .text._ZN5hwlib19uart_char_availableEv
                0x0000000000000000        0x4 ILI9341_buffered.o
 .text._ZN5hwlib9uart_getcEv
                0x0000000000000000        0x4 ILI9341_buffered.o
 .text._ZN7ili934113send_command8E16ili9341_commandshhhh
                0x0000000000000000       0x9e ILI9341_buffered.o
 .text._ZN7ili934113send_command8E16ili9341_commandshhhhh
                0x0000000000000000       0xb6 ILI9341_buffered.o
 .text._ZN7ili934111send_data16E14ili9341_colors
                0x0000000000000000        0x4 ILI9341_buffered.o
 .text._ZN7ili93418setPixelEtt
                0x0000000000000000       0x46 ILI9341_buffered.o
 .rodata._ZZN3due11ad_pin_infoENS_7ad_pinsEE17ad_pin_info_array
                0x0000000000000000        0xc ILI9341_buffered.o
 .rodata._ZZN3due11ad_seq_infoEmE12ad_seq_array
                0x0000000000000000       0x70 ILI9341_buffered.o
 .group         0x0000000000000000        0x8 hwlib.o
 .group         0x0000000000000000        0x8 hwlib.o
 .group         0x0000000000000000        0x8 hwlib.o
 .group         0x0000000000000000        0x8 hwlib.o
 .group         0x0000000000000000        0x8 hwlib.o
 .group         0x0000000000000000        0x8 hwlib.o
 .group         0x0000000000000000        0x8 hwlib.o
 .group         0x0000000000000000        0x8 hwlib.o
 .group         0x0000000000000000        0x8 hwlib.o
 .group         0x0000000000000000        0x8 hwlib.o
 .group         0x0000000000000000        0x8 hwlib.o
 .group         0x0000000000000000        0x8 hwlib.o
 .group         0x0000000000000000        0x8 hwlib.o
 .group         0x0000000000000000        0x8 hwlib.o
 .group         0x0000000000000000        0x8 hwlib.o
 .group         0x0000000000000000        0x8 hwlib.o
 .group         0x0000000000000000        0x8 hwlib.o
 .group         0x0000000000000000        0x8 hwlib.o
 .group         0x0000000000000000        0x8 hwlib.o
 .group         0x0000000000000000        0x8 hwlib.o
 .group         0x0000000000000000        0x8 hwlib.o
 .group         0x0000000000000000        0x8 hwlib.o
 .group         0x0000000000000000        0x8 hwlib.o
 .group         0x0000000000000000        0x8 hwlib.o
 .group         0x0000000000000000        0x8 hwlib.o
 .group         0x0000000000000000        0x8 hwlib.o
 .group         0x0000000000000000        0x8 hwlib.o
 .group         0x0000000000000000        0x8 hwlib.o
 .group         0x0000000000000000        0x8 hwlib.o
 .group         0x0000000000000000        0x8 hwlib.o
 .group         0x0000000000000000        0x8 hwlib.o
 .group         0x0000000000000000        0x8 hwlib.o
 .group         0x0000000000000000        0x8 hwlib.o
 .group         0x0000000000000000        0x8 hwlib.o
 .group         0x0000000000000000        0x8 hwlib.o
 .group         0x0000000000000000        0x8 hwlib.o
 .group         0x0000000000000000        0x8 hwlib.o
 .group         0x0000000000000000        0x8 hwlib.o
 .group         0x0000000000000000        0x8 hwlib.o
 .group         0x0000000000000000        0x8 hwlib.o
 .group         0x0000000000000000        0x8 hwlib.o
 .group         0x0000000000000000        0x8 hwlib.o
 .group         0x0000000000000000        0x8 hwlib.o
 .group         0x0000000000000000        0x8 hwlib.o
 .group         0x0000000000000000        0x8 hwlib.o
 .group         0x0000000000000000        0x8 hwlib.o
 .group         0x0000000000000000        0x8 hwlib.o
 .group         0x0000000000000000        0x8 hwlib.o
 .group         0x0000000000000000        0x8 hwlib.o
 .group         0x0000000000000000        0x8 hwlib.o
 .group         0x0000000000000000        0x8 hwlib.o
 .group         0x0000000000000000        0x8 hwlib.o
 .group         0x0000000000000000        0x8 hwlib.o
 .group         0x0000000000000000        0x8 hwlib.o
 .group         0x0000000000000000        0x8 hwlib.o
 .group         0x0000000000000000        0x8 hwlib.o
 .group         0x0000000000000000        0x8 hwlib.o
 .group         0x0000000000000000        0x8 hwlib.o
 .group         0x0000000000000000        0x8 hwlib.o
 .group         0x0000000000000000        0x8 hwlib.o
 .group         0x0000000000000000        0x8 hwlib.o
 .group         0x0000000000000000        0x8 hwlib.o
 .group         0x0000000000000000        0x8 hwlib.o
 .group         0x0000000000000000        0x8 hwlib.o
 .group         0x0000000000000000        0x8 hwlib.o
 .group         0x0000000000000000        0x8 hwlib.o
 .group         0x0000000000000000        0x8 hwlib.o
 .group         0x0000000000000000        0x8 hwlib.o
 .group         0x0000000000000000        0x8 hwlib.o
 .group         0x0000000000000000        0x8 hwlib.o
 .group         0x0000000000000000        0x8 hwlib.o
 .group         0x0000000000000000        0x8 hwlib.o
 .group         0x0000000000000000        0x8 hwlib.o
 .group         0x0000000000000000        0x8 hwlib.o
 .group         0x0000000000000000        0x8 hwlib.o
 .group         0x0000000000000000        0x8 hwlib.o
 .group         0x0000000000000000        0x8 hwlib.o
 .group         0x0000000000000000        0x8 hwlib.o
 .group         0x0000000000000000        0x8 hwlib.o
 .group         0x0000000000000000        0x8 hwlib.o
 .group         0x0000000000000000        0x8 hwlib.o
 .group         0x0000000000000000        0x8 hwlib.o
 .group         0x0000000000000000        0x8 hwlib.o
 .group         0x0000000000000000        0x8 hwlib.o
 .group         0x0000000000000000        0x8 hwlib.o
 .group         0x0000000000000000        0x8 hwlib.o
 .group         0x0000000000000000        0x8 hwlib.o
 .group         0x0000000000000000        0x8 hwlib.o
 .group         0x0000000000000000        0x8 hwlib.o
 .group         0x0000000000000000        0x8 hwlib.o
 .group         0x0000000000000000        0x8 hwlib.o
 .group         0x0000000000000000        0x8 hwlib.o
 .group         0x0000000000000000        0x8 hwlib.o
 .group         0x0000000000000000        0x8 hwlib.o
 .group         0x0000000000000000        0x8 hwlib.o
 .group         0x0000000000000000        0x8 hwlib.o
 .group         0x0000000000000000        0x8 hwlib.o
 .group         0x0000000000000000        0x8 hwlib.o
 .group         0x0000000000000000        0x8 hwlib.o
 .group         0x0000000000000000        0x8 hwlib.o
 .group         0x0000000000000000        0x8 hwlib.o
 .group         0x0000000000000000        0x8 hwlib.o
 .group         0x0000000000000000        0x8 hwlib.o
 .group         0x0000000000000000        0x8 hwlib.o
 .group         0x0000000000000000        0x8 hwlib.o
 .group         0x0000000000000000        0x8 hwlib.o
 .group         0x0000000000000000        0x8 hwlib.o
 .group         0x0000000000000000        0x8 hwlib.o
 .group         0x0000000000000000        0x8 hwlib.o
 .group         0x0000000000000000        0x8 hwlib.o
 .group         0x0000000000000000        0x8 hwlib.o
 .group         0x0000000000000000        0x8 hwlib.o
 .group         0x0000000000000000        0x8 hwlib.o
 .group         0x0000000000000000        0x8 hwlib.o
 .group         0x0000000000000000        0x8 hwlib.o
 .group         0x0000000000000000        0x8 hwlib.o
 .group         0x0000000000000000        0x8 hwlib.o
 .group         0x0000000000000000        0x8 hwlib.o
 .group         0x0000000000000000        0x8 hwlib.o
 .group         0x0000000000000000        0x8 hwlib.o
 .group         0x0000000000000000        0x8 hwlib.o
 .group         0x0000000000000000        0x8 hwlib.o
 .group         0x0000000000000000        0x8 hwlib.o
 .group         0x0000000000000000        0x8 hwlib.o
 .group         0x0000000000000000        0x8 hwlib.o
 .group         0x0000000000000000        0x8 hwlib.o
 .group         0x0000000000000000        0x8 hwlib.o
 .group         0x0000000000000000        0x8 hwlib.o
 .group         0x0000000000000000        0x8 hwlib.o
 .group         0x0000000000000000        0x8 hwlib.o
 .group         0x0000000000000000        0x8 hwlib.o
 .group         0x0000000000000000        0x8 hwlib.o
 .group         0x0000000000000000        0x8 hwlib.o
 .group         0x0000000000000000        0x8 hwlib.o
 .group         0x0000000000000000        0x8 hwlib.o
 .group         0x0000000000000000        0x8 hwlib.o
 .group         0x0000000000000000        0x8 hwlib.o
 .group         0x0000000000000000        0x8 hwlib.o
 .group         0x0000000000000000        0x8 hwlib.o
 .group         0x0000000000000000        0x8 hwlib.o
 .group         0x0000000000000000        0x8 hwlib.o
 .group         0x0000000000000000        0x8 hwlib.o
 .group         0x0000000000000000        0x8 hwlib.o
 .group         0x0000000000000000        0x8 hwlib.o
 .group         0x0000000000000000        0x8 hwlib.o
 .group         0x0000000000000000        0x8 hwlib.o
 .group         0x0000000000000000        0x8 hwlib.o
 .group         0x0000000000000000        0x8 hwlib.o
 .group         0x0000000000000000        0x8 hwlib.o
 .group         0x0000000000000000        0x8 hwlib.o
 .group         0x0000000000000000        0x8 hwlib.o
 .group         0x0000000000000000        0x8 hwlib.o
 .group         0x0000000000000000        0x8 hwlib.o
 .group         0x0000000000000000        0x8 hwlib.o
 .group         0x0000000000000000        0x8 hwlib.o
 .group         0x0000000000000000        0x8 hwlib.o
 .group         0x0000000000000000        0x8 hwlib.o
 .group         0x0000000000000000        0x8 hwlib.o
 .group         0x0000000000000000        0x8 hwlib.o
 .group         0x0000000000000000        0x8 hwlib.o
 .group         0x0000000000000000        0x8 hwlib.o
 .group         0x0000000000000000        0x8 hwlib.o
 .group         0x0000000000000000        0x8 hwlib.o
 .group         0x0000000000000000        0x8 hwlib.o
 .group         0x0000000000000000        0x8 hwlib.o
 .group         0x0000000000000000        0x8 hwlib.o
 .group         0x0000000000000000        0x8 hwlib.o
 .group         0x0000000000000000        0x8 hwlib.o
 .group         0x0000000000000000        0x8 hwlib.o
 .group         0x0000000000000000        0x8 hwlib.o
 .group         0x0000000000000000        0x8 hwlib.o
 .group         0x0000000000000000        0x8 hwlib.o
 .group         0x0000000000000000        0x8 hwlib.o
 .group         0x0000000000000000        0x8 hwlib.o
 .group         0x0000000000000000        0x8 hwlib.o
 .group         0x0000000000000000        0x8 hwlib.o
 .group         0x0000000000000000        0x8 hwlib.o
 .group         0x0000000000000000        0x8 hwlib.o
 .group         0x0000000000000000        0x8 hwlib.o
 .group         0x0000000000000000        0x8 hwlib.o
 .group         0x0000000000000000        0x8 hwlib.o
 .group         0x0000000000000000        0x8 hwlib.o
 .group         0x0000000000000000        0xc hwlib.o
 .group         0x0000000000000000        0x8 hwlib.o
 .group         0x0000000000000000        0x8 hwlib.o
 .group         0x0000000000000000        0x8 hwlib.o
 .group         0x0000000000000000        0xc hwlib.o
 .group         0x0000000000000000        0xc hwlib.o
 .group         0x0000000000000000        0x8 hwlib.o
 .group         0x0000000000000000        0xc hwlib.o
 .group         0x0000000000000000        0xc hwlib.o
 .group         0x0000000000000000        0x8 hwlib.o
 .group         0x0000000000000000        0xc hwlib.o
 .group         0x0000000000000000        0xc hwlib.o
 .group         0x0000000000000000        0xc hwlib.o
 .group         0x0000000000000000        0xc hwlib.o
 .group         0x0000000000000000        0xc hwlib.o
 .group         0x0000000000000000        0xc hwlib.o
 .group         0x0000000000000000        0xc hwlib.o
 .group         0x0000000000000000        0xc hwlib.o
 .group         0x0000000000000000        0xc hwlib.o
 .group         0x0000000000000000        0xc hwlib.o
 .group         0x0000000000000000        0xc hwlib.o
 .group         0x0000000000000000        0xc hwlib.o
 .group         0x0000000000000000        0xc hwlib.o
 .group         0x0000000000000000        0xc hwlib.o
 .group         0x0000000000000000        0xc hwlib.o
 .group         0x0000000000000000        0xc hwlib.o
 .group         0x0000000000000000        0xc hwlib.o
 .group         0x0000000000000000        0xc hwlib.o
 .group         0x0000000000000000        0xc hwlib.o
 .group         0x0000000000000000        0xc hwlib.o
 .group         0x0000000000000000        0xc hwlib.o
 .group         0x0000000000000000        0xc hwlib.o
 .group         0x0000000000000000        0xc hwlib.o
 .group         0x0000000000000000        0xc hwlib.o
 .group         0x0000000000000000        0xc hwlib.o
 .group         0x0000000000000000        0xc hwlib.o
 .group         0x0000000000000000        0xc hwlib.o
 .group         0x0000000000000000        0xc hwlib.o
 .group         0x0000000000000000        0xc hwlib.o
 .group         0x0000000000000000        0xc hwlib.o
 .group         0x0000000000000000        0xc hwlib.o
 .group         0x0000000000000000        0xc hwlib.o
 .group         0x0000000000000000        0xc hwlib.o
 .group         0x0000000000000000        0xc hwlib.o
 .group         0x0000000000000000        0xc hwlib.o
 .group         0x0000000000000000        0xc hwlib.o
 .group         0x0000000000000000        0xc hwlib.o
 .group         0x0000000000000000        0xc hwlib.o
 .group         0x0000000000000000        0xc hwlib.o
 .group         0x0000000000000000        0xc hwlib.o
 .group         0x0000000000000000        0xc hwlib.o
 .group         0x0000000000000000        0xc hwlib.o
 .group         0x0000000000000000        0xc hwlib.o
 .group         0x0000000000000000        0xc hwlib.o
 .group         0x0000000000000000        0xc hwlib.o
 .group         0x0000000000000000        0xc hwlib.o
 .group         0x0000000000000000        0xc hwlib.o
 .group         0x0000000000000000        0xc hwlib.o
 .group         0x0000000000000000        0xc hwlib.o
 .group         0x0000000000000000        0xc hwlib.o
 .group         0x0000000000000000        0xc hwlib.o
 .group         0x0000000000000000        0xc hwlib.o
 .group         0x0000000000000000        0xc hwlib.o
 .group         0x0000000000000000        0xc hwlib.o
 .group         0x0000000000000000        0xc hwlib.o
 .group         0x0000000000000000        0xc hwlib.o
 .group         0x0000000000000000        0xc hwlib.o
 .group         0x0000000000000000        0xc hwlib.o
 .text          0x0000000000000000        0x0 hwlib.o
 .data          0x0000000000000000        0x0 hwlib.o
 .bss           0x0000000000000000        0x0 hwlib.o
 .text._ZN5hwlib18pin_in_out_dummy_t5writeEb
                0x0000000000000000        0x2 hwlib.o
 .text._ZN5hwlib18pin_in_out_dummy_t4readEv
                0x0000000000000000        0x4 hwlib.o
 .text._ZN5hwlib18pin_in_out_dummy_t19direction_set_inputEv
                0x0000000000000000        0x2 hwlib.o
 .text._ZN5hwlib18pin_in_out_dummy_t20direction_set_outputEv
                0x0000000000000000        0x2 hwlib.o
 .text._ZN5hwlib18pin_in_out_dummy_t5flushEv
                0x0000000000000000        0x2 hwlib.o
 .text._ZN5hwlib18pin_in_out_dummy_t7refreshEv
                0x0000000000000000        0x2 hwlib.o
 .text._ZN5hwlib18pin_in_out_dummy_t15direction_flushEv
                0x0000000000000000        0x2 hwlib.o
 .text._ZN5hwlib15pin_out_dummy_t5writeEb
                0x0000000000000000        0x2 hwlib.o
 .text._ZN5hwlib15pin_out_dummy_t5flushEv
                0x0000000000000000        0x2 hwlib.o
 .text._ZN5hwlib14pin_oc_dummy_t5writeEb
                0x0000000000000000        0x2 hwlib.o
 .text._ZN5hwlib14pin_oc_dummy_t4readEv
                0x0000000000000000        0x4 hwlib.o
 .text._ZN5hwlib14pin_oc_dummy_t5flushEv
                0x0000000000000000        0x2 hwlib.o
 .text._ZN5hwlib14pin_oc_dummy_t7refreshEv
                0x0000000000000000        0x2 hwlib.o
 .text._ZN5hwlib17pin_out_from_oc_t5writeEb
                0x0000000000000000        0x8 hwlib.o
 .text._ZN5hwlib17pin_out_from_oc_t5flushEv
                0x0000000000000000        0x8 hwlib.o
 .text._ZN5hwlib18pin_out_from_out_t5writeEb
                0x0000000000000000        0x8 hwlib.o
 .text._ZN5hwlib18pin_out_from_out_t5flushEv
                0x0000000000000000        0x8 hwlib.o
 .text._ZN5hwlib21pin_out_from_in_out_t5writeEb
                0x0000000000000000        0x8 hwlib.o
 .text._ZN5hwlib21pin_out_from_in_out_t5flushEv
                0x0000000000000000        0x8 hwlib.o
 .text._ZN5hwlib16pin_in_from_oc_t4readEv
                0x0000000000000000        0x8 hwlib.o
 .text._ZN5hwlib16pin_in_from_oc_t7refreshEv
                0x0000000000000000        0x8 hwlib.o
 .text._ZN5hwlib16pin_in_from_in_t4readEv
                0x0000000000000000        0x8 hwlib.o
 .text._ZN5hwlib16pin_in_from_in_t7refreshEv
                0x0000000000000000        0x8 hwlib.o
 .text._ZN5hwlib20pin_in_from_in_out_t4readEv
                0x0000000000000000        0x8 hwlib.o
 .text._ZN5hwlib20pin_in_from_in_out_t7refreshEv
                0x0000000000000000        0x8 hwlib.o
 .text._ZN5hwlib20pin_in_out_from_oc_t19direction_set_inputEv
                0x0000000000000000        0xe hwlib.o
 .text._ZN5hwlib20pin_in_out_from_oc_t20direction_set_outputEv
                0x0000000000000000        0x6 hwlib.o
 .text._ZN5hwlib20pin_in_out_from_oc_t4readEv
                0x0000000000000000        0x8 hwlib.o
 .text._ZN5hwlib20pin_in_out_from_oc_t5flushEv
                0x0000000000000000        0x8 hwlib.o
 .text._ZN5hwlib20pin_in_out_from_oc_t7refreshEv
                0x0000000000000000        0x8 hwlib.o
 .text._ZN5hwlib20pin_in_out_from_oc_t15direction_flushEv
                0x0000000000000000        0x8 hwlib.o
 .text._ZN5hwlib24pin_in_out_from_in_out_t19direction_set_inputEv
                0x0000000000000000        0x8 hwlib.o
 .text._ZN5hwlib24pin_in_out_from_in_out_t20direction_set_outputEv
                0x0000000000000000        0x8 hwlib.o
 .text._ZN5hwlib24pin_in_out_from_in_out_t4readEv
                0x0000000000000000        0x8 hwlib.o
 .text._ZN5hwlib24pin_in_out_from_in_out_t5writeEb
                0x0000000000000000        0x8 hwlib.o
 .text._ZN5hwlib24pin_in_out_from_in_out_t5flushEv
                0x0000000000000000        0x8 hwlib.o
 .text._ZN5hwlib24pin_in_out_from_in_out_t7refreshEv
                0x0000000000000000        0x8 hwlib.o
 .text._ZN5hwlib24pin_in_out_from_in_out_t15direction_flushEv
                0x0000000000000000        0x8 hwlib.o
 .text._ZN5hwlib16pin_oc_from_oc_t4readEv
                0x0000000000000000        0x8 hwlib.o
 .text._ZN5hwlib16pin_oc_from_oc_t5writeEb
                0x0000000000000000        0x8 hwlib.o
 .text._ZN5hwlib16pin_oc_from_oc_t5flushEv
                0x0000000000000000        0x8 hwlib.o
 .text._ZN5hwlib16pin_oc_from_oc_t7refreshEv
                0x0000000000000000        0x8 hwlib.o
 .text._ZN5hwlib20pin_oc_from_in_out_t4readEv
                0x0000000000000000        0x8 hwlib.o
 .text._ZN5hwlib20pin_oc_from_in_out_t5flushEv
                0x0000000000000000       0x18 hwlib.o
 .text._ZN5hwlib20pin_oc_from_in_out_t7refreshEv
                0x0000000000000000        0x8 hwlib.o
 .text._ZN5hwlib21pin_invert_from_out_t5writeEb
                0x0000000000000000        0xc hwlib.o
 .text._ZN5hwlib21pin_invert_from_out_t5flushEv
                0x0000000000000000        0x8 hwlib.o
 .text._ZN5hwlib20pin_invert_from_in_t4readEv
                0x0000000000000000       0x12 hwlib.o
 .text._ZN5hwlib20pin_invert_from_in_t7refreshEv
                0x0000000000000000        0x8 hwlib.o
 .text._ZN5hwlib24pin_invert_from_in_out_t4readEv
                0x0000000000000000       0x12 hwlib.o
 .text._ZN5hwlib24pin_invert_from_in_out_t5writeEb
                0x0000000000000000        0xc hwlib.o
 .text._ZN5hwlib24pin_invert_from_in_out_t19direction_set_inputEv
                0x0000000000000000        0x8 hwlib.o
 .text._ZN5hwlib24pin_invert_from_in_out_t20direction_set_outputEv
                0x0000000000000000        0x8 hwlib.o
 .text._ZN5hwlib24pin_invert_from_in_out_t7refreshEv
                0x0000000000000000        0x8 hwlib.o
 .text._ZN5hwlib24pin_invert_from_in_out_t5flushEv
                0x0000000000000000        0x8 hwlib.o
 .text._ZN5hwlib24pin_invert_from_in_out_t15direction_flushEv
                0x0000000000000000        0x8 hwlib.o
 .text._ZN5hwlib20pin_invert_from_oc_t4readEv
                0x0000000000000000       0x12 hwlib.o
 .text._ZN5hwlib20pin_invert_from_oc_t5writeEb
                0x0000000000000000        0xc hwlib.o
 .text._ZN5hwlib20pin_invert_from_oc_t7refreshEv
                0x0000000000000000        0x8 hwlib.o
 .text._ZN5hwlib20pin_invert_from_oc_t5flushEv
                0x0000000000000000        0x8 hwlib.o
 .text._ZN5hwlib18all_from_pin_out_t5writeEb
                0x0000000000000000       0x1e hwlib.o
 .text._ZN5hwlib18all_from_pin_out_t5flushEv
                0x0000000000000000       0x1a hwlib.o
 .text._ZN5hwlib24pin_direct_from_in_out_t5writeEb
                0x0000000000000000       0x18 hwlib.o
 .text._ZN5hwlib24pin_direct_from_in_out_t4readEv
                0x0000000000000000       0x18 hwlib.o
 .text._ZN5hwlib24pin_direct_from_in_out_t19direction_set_inputEv
                0x0000000000000000       0x18 hwlib.o
 .text._ZN5hwlib24pin_direct_from_in_out_t20direction_set_outputEv
                0x0000000000000000       0x18 hwlib.o
 .text._ZN5hwlib24pin_direct_from_in_out_t5flushEv
                0x0000000000000000        0x2 hwlib.o
 .text._ZN5hwlib24pin_direct_from_in_out_t7refreshEv
                0x0000000000000000        0x2 hwlib.o
 .text._ZN5hwlib24pin_direct_from_in_out_t15direction_flushEv
                0x0000000000000000        0x2 hwlib.o
 .text._ZN5hwlib21pin_direct_from_out_t5writeEb
                0x0000000000000000       0x18 hwlib.o
 .text._ZN5hwlib20pin_direct_from_oc_t5writeEb
                0x0000000000000000       0x18 hwlib.o
 .text._ZN5hwlib20pin_direct_from_oc_t4readEv
                0x0000000000000000       0x18 hwlib.o
 .text._ZN5hwlib20pin_direct_from_oc_t5flushEv
                0x0000000000000000        0x2 hwlib.o
 .text._ZN5hwlib20pin_direct_from_oc_t7refreshEv
                0x0000000000000000        0x2 hwlib.o
 .text._ZN5hwlib18port_out_from_oc_t14number_of_pinsEv
                0x0000000000000000        0x8 hwlib.o
 .text._ZN5hwlib18port_out_from_oc_t5writeEj
                0x0000000000000000        0x8 hwlib.o
 .text._ZN5hwlib18port_out_from_oc_t5flushEv
                0x0000000000000000        0x8 hwlib.o
 .text._ZN5hwlib19port_out_from_out_t14number_of_pinsEv
                0x0000000000000000        0x8 hwlib.o
 .text._ZN5hwlib19port_out_from_out_t5writeEj
                0x0000000000000000        0x8 hwlib.o
 .text._ZN5hwlib19port_out_from_out_t5flushEv
                0x0000000000000000        0x8 hwlib.o
 .text._ZN5hwlib22port_out_from_in_out_t14number_of_pinsEv
                0x0000000000000000        0x8 hwlib.o
 .text._ZN5hwlib22port_out_from_in_out_t5writeEj
                0x0000000000000000        0x8 hwlib.o
 .text._ZN5hwlib22port_out_from_in_out_t5flushEv
                0x0000000000000000        0x8 hwlib.o
 .text._ZN5hwlib17port_in_from_oc_t14number_of_pinsEv
                0x0000000000000000        0x8 hwlib.o
 .text._ZN5hwlib17port_in_from_oc_t4readEv
                0x0000000000000000        0x8 hwlib.o
 .text._ZN5hwlib17port_in_from_oc_t7refreshEv
                0x0000000000000000        0x8 hwlib.o
 .text._ZN5hwlib17port_in_from_in_t14number_of_pinsEv
                0x0000000000000000        0x8 hwlib.o
 .text._ZN5hwlib17port_in_from_in_t4readEv
                0x0000000000000000        0x8 hwlib.o
 .text._ZN5hwlib17port_in_from_in_t7refreshEv
                0x0000000000000000        0x8 hwlib.o
 .text._ZN5hwlib21port_in_from_in_out_t14number_of_pinsEv
                0x0000000000000000        0x8 hwlib.o
 .text._ZN5hwlib21port_in_from_in_out_t4readEv
                0x0000000000000000        0x8 hwlib.o
 .text._ZN5hwlib21port_in_from_in_out_t7refreshEv
                0x0000000000000000        0x8 hwlib.o
 .text._ZN5hwlib21port_in_out_from_oc_t14number_of_pinsEv
                0x0000000000000000        0x8 hwlib.o
 .text._ZN5hwlib21port_in_out_from_oc_t19direction_set_inputEv
                0x0000000000000000        0xe hwlib.o
 .text._ZN5hwlib21port_in_out_from_oc_t20direction_set_outputEv
                0x0000000000000000        0x6 hwlib.o
 .text._ZN5hwlib21port_in_out_from_oc_t4readEv
                0x0000000000000000        0x8 hwlib.o
 .text._ZN5hwlib21port_in_out_from_oc_t5flushEv
                0x0000000000000000        0x8 hwlib.o
 .text._ZN5hwlib21port_in_out_from_oc_t7refreshEv
                0x0000000000000000        0x8 hwlib.o
 .text._ZN5hwlib21port_in_out_from_oc_t15direction_flushEv
                0x0000000000000000        0x8 hwlib.o
 .text._ZN5hwlib25port_in_out_from_in_out_t14number_of_pinsEv
                0x0000000000000000        0x8 hwlib.o
 .text._ZN5hwlib25port_in_out_from_in_out_t19direction_set_inputEv
                0x0000000000000000        0x8 hwlib.o
 .text._ZN5hwlib25port_in_out_from_in_out_t20direction_set_outputEv
                0x0000000000000000        0x8 hwlib.o
 .text._ZN5hwlib25port_in_out_from_in_out_t4readEv
                0x0000000000000000        0x8 hwlib.o
 .text._ZN5hwlib25port_in_out_from_in_out_t5writeEj
                0x0000000000000000        0x8 hwlib.o
 .text._ZN5hwlib25port_in_out_from_in_out_t5flushEv
                0x0000000000000000        0x8 hwlib.o
 .text._ZN5hwlib25port_in_out_from_in_out_t7refreshEv
                0x0000000000000000        0x8 hwlib.o
 .text._ZN5hwlib25port_in_out_from_in_out_t15direction_flushEv
                0x0000000000000000        0x8 hwlib.o
 .text._ZN5hwlib17port_oc_from_oc_t14number_of_pinsEv
                0x0000000000000000        0x8 hwlib.o
 .text._ZN5hwlib17port_oc_from_oc_t4readEv
                0x0000000000000000        0x8 hwlib.o
 .text._ZN5hwlib17port_oc_from_oc_t5writeEj
                0x0000000000000000        0x8 hwlib.o
 .text._ZN5hwlib17port_oc_from_oc_t5flushEv
                0x0000000000000000        0x8 hwlib.o
 .text._ZN5hwlib17port_oc_from_oc_t7refreshEv
                0x0000000000000000        0x8 hwlib.o
 .text._ZN5hwlib23port_in_out_from_pins_t14number_of_pinsEv
                0x0000000000000000        0x4 hwlib.o
 .text._ZN5hwlib23port_in_out_from_pins_t19direction_set_inputEv
                0x0000000000000000       0x20 hwlib.o
 .text._ZN5hwlib23port_in_out_from_pins_t20direction_set_outputEv
                0x0000000000000000       0x20 hwlib.o
 .text._ZN5hwlib23port_in_out_from_pins_t15direction_flushEv
                0x0000000000000000       0x20 hwlib.o
 .text._ZN5hwlib23port_in_out_from_pins_t4readEv
                0x0000000000000000       0x2a hwlib.o
 .text._ZN5hwlib23port_in_out_from_pins_t7refreshEv
                0x0000000000000000       0x20 hwlib.o
 .text._ZN5hwlib23port_in_out_from_pins_t5writeEj
                0x0000000000000000       0x28 hwlib.o
 .text._ZN5hwlib23port_in_out_from_pins_t5flushEv
                0x0000000000000000       0x20 hwlib.o
 .text._ZN5hwlib19port_in_from_pins_t14number_of_pinsEv
                0x0000000000000000        0x4 hwlib.o
 .text._ZN5hwlib19port_in_from_pins_t4readEv
                0x0000000000000000       0x2a hwlib.o
 .text._ZN5hwlib19port_in_from_pins_t7refreshEv
                0x0000000000000000       0x20 hwlib.o
 .text._ZN5hwlib20port_out_from_pins_t14number_of_pinsEv
                0x0000000000000000        0x4 hwlib.o
 .text._ZN5hwlib20port_out_from_pins_t5writeEj
                0x0000000000000000       0x28 hwlib.o
 .text._ZN5hwlib20port_out_from_pins_t5flushEv
                0x0000000000000000       0x20 hwlib.o
 .text._ZN5hwlib23port_out_from_pins_oc_t14number_of_pinsEv
                0x0000000000000000        0x4 hwlib.o
 .text._ZN5hwlib23port_out_from_pins_oc_t5writeEj
                0x0000000000000000       0x28 hwlib.o
 .text._ZN5hwlib23port_out_from_pins_oc_t5flushEv
                0x0000000000000000       0x20 hwlib.o
 .text._ZN5hwlib19port_oc_from_pins_t14number_of_pinsEv
                0x0000000000000000        0x4 hwlib.o
 .text._ZN5hwlib19port_oc_from_pins_t4readEv
                0x0000000000000000       0x2a hwlib.o
 .text._ZN5hwlib19port_oc_from_pins_t5writeEj
                0x0000000000000000       0x28 hwlib.o
 .text._ZN5hwlib19port_oc_from_pins_t7refreshEv
                0x0000000000000000       0x20 hwlib.o
 .text._ZN5hwlib19port_oc_from_pins_t5flushEv
                0x0000000000000000       0x20 hwlib.o
 .text._ZN5hwlib25port_invert_from_in_out_t19direction_set_inputEv
                0x0000000000000000        0x8 hwlib.o
 .text._ZN5hwlib25port_invert_from_in_out_t20direction_set_outputEv
                0x0000000000000000        0x8 hwlib.o
 .text._ZN5hwlib25port_invert_from_in_out_t14number_of_pinsEv
                0x0000000000000000        0x8 hwlib.o
 .text._ZN5hwlib25port_invert_from_in_out_t4readEv
                0x0000000000000000        0xe hwlib.o
 .text._ZN5hwlib25port_invert_from_in_out_t7refreshEv
                0x0000000000000000        0x8 hwlib.o
 .text._ZN5hwlib25port_invert_from_in_out_t5writeEj
                0x0000000000000000        0xa hwlib.o
 .text._ZN5hwlib25port_invert_from_in_out_t5flushEv
                0x0000000000000000        0x8 hwlib.o
 .text._ZN5hwlib25port_invert_from_in_out_t15direction_flushEv
                0x0000000000000000        0x8 hwlib.o
 .text._ZN5hwlib21port_invert_from_in_t14number_of_pinsEv
                0x0000000000000000        0x8 hwlib.o
 .text._ZN5hwlib21port_invert_from_in_t4readEv
                0x0000000000000000        0xe hwlib.o
 .text._ZN5hwlib21port_invert_from_in_t7refreshEv
                0x0000000000000000        0x8 hwlib.o
 .text._ZN5hwlib22port_invert_from_out_t14number_of_pinsEv
                0x0000000000000000        0x8 hwlib.o
 .text._ZN5hwlib22port_invert_from_out_t5writeEj
                0x0000000000000000        0xa hwlib.o
 .text._ZN5hwlib22port_invert_from_out_t5flushEv
                0x0000000000000000        0x8 hwlib.o
 .text._ZN5hwlib21port_invert_from_oc_t14number_of_pinsEv
                0x0000000000000000        0x8 hwlib.o
 .text._ZN5hwlib21port_invert_from_oc_t4readEv
                0x0000000000000000        0xe hwlib.o
 .text._ZN5hwlib21port_invert_from_oc_t7refreshEv
                0x0000000000000000        0x8 hwlib.o
 .text._ZN5hwlib21port_invert_from_oc_t5writeEj
                0x0000000000000000        0xa hwlib.o
 .text._ZN5hwlib21port_invert_from_oc_t5flushEv
                0x0000000000000000        0x8 hwlib.o
 .text._ZN5hwlib19all_from_port_out_t5writeEb
                0x0000000000000000       0x12 hwlib.o
 .text._ZN5hwlib19all_from_port_out_t5flushEv
                0x0000000000000000        0x8 hwlib.o
 .text._ZN5hwlib25port_direct_from_in_out_t14number_of_pinsEv
                0x0000000000000000        0x8 hwlib.o
 .text._ZN5hwlib25port_direct_from_in_out_t5writeEj
                0x0000000000000000       0x18 hwlib.o
 .text._ZN5hwlib25port_direct_from_in_out_t4readEv
                0x0000000000000000       0x18 hwlib.o
 .text._ZN5hwlib25port_direct_from_in_out_t19direction_set_inputEv
                0x0000000000000000       0x18 hwlib.o
 .text._ZN5hwlib25port_direct_from_in_out_t20direction_set_outputEv
                0x0000000000000000       0x18 hwlib.o
 .text._ZN5hwlib25port_direct_from_in_out_t5flushEv
                0x0000000000000000        0x2 hwlib.o
 .text._ZN5hwlib25port_direct_from_in_out_t7refreshEv
                0x0000000000000000        0x2 hwlib.o
 .text._ZN5hwlib25port_direct_from_in_out_t15direction_flushEv
                0x0000000000000000        0x2 hwlib.o
 .text._ZN5hwlib21port_direct_from_in_t14number_of_pinsEv
                0x0000000000000000        0x8 hwlib.o
 .text._ZN5hwlib21port_direct_from_in_t4readEv
                0x0000000000000000       0x18 hwlib.o
 .text._ZN5hwlib21port_direct_from_in_t7refreshEv
                0x0000000000000000        0x2 hwlib.o
 .text._ZN5hwlib22port_direct_from_out_t14number_of_pinsEv
                0x0000000000000000        0x8 hwlib.o
 .text._ZN5hwlib22port_direct_from_out_t5writeEj
                0x0000000000000000       0x18 hwlib.o
 .text._ZN5hwlib22port_direct_from_out_t5flushEv
                0x0000000000000000        0x2 hwlib.o
 .text._ZN5hwlib21port_direct_from_oc_t14number_of_pinsEv
                0x0000000000000000        0x8 hwlib.o
 .text._ZN5hwlib21port_direct_from_oc_t5writeEj
                0x0000000000000000       0x18 hwlib.o
 .text._ZN5hwlib21port_direct_from_oc_t4readEv
                0x0000000000000000       0x18 hwlib.o
 .text._ZN5hwlib21port_direct_from_oc_t5flushEv
                0x0000000000000000        0x2 hwlib.o
 .text._ZN5hwlib21port_direct_from_oc_t7refreshEv
                0x0000000000000000        0x2 hwlib.o
 .text._ZN5hwlib7istream11getc_nowaitEv
                0x0000000000000000       0x1a hwlib.o
 .text._ZN5hwlib20cout_using_uart_putc5flushEv
                0x0000000000000000        0x2 hwlib.o
 .text._ZNK5hwlib9image_8x818get_implementationENS_2xyE
                0x0000000000000000       0x44 hwlib.o
 .text._ZN5hwlib20pin_in_out_from_oc_t5writeEb
                0x0000000000000000        0xe hwlib.o
 .text._ZN5hwlib20pin_oc_from_in_out_t5writeEb
                0x0000000000000000       0x26 hwlib.o
 .text._ZN5hwlib21port_in_out_from_oc_t5writeEj
                0x0000000000000000        0xe hwlib.o
 .text._ZN5hwlib21pin_out_from_in_out_tC2ERNS_10pin_in_outE
                0x0000000000000000       0x24 hwlib.o
 .text._ZN5hwlib12pin_out_fromERNS_6pin_ocE
                0x0000000000000000        0xc hwlib.o
 .text._ZN5hwlib12pin_out_fromERNS_7pin_outE
                0x0000000000000000        0xc hwlib.o
 .text._ZN5hwlib12pin_out_fromERNS_10pin_in_outE
                0x0000000000000000        0xc hwlib.o
 .text._ZN5hwlib11pin_in_fromERNS_6pin_inE
                0x0000000000000000        0xc hwlib.o
 .text._ZN5hwlib11pin_in_fromERNS_10pin_in_outE
                0x0000000000000000       0x24 hwlib.o
 .text._ZN5hwlib11pin_in_fromERNS_6pin_ocE
                0x0000000000000000       0x28 hwlib.o
 .text._ZN5hwlib15pin_in_out_fromERNS_6pin_ocE
                0x0000000000000000        0xc hwlib.o
 .text._ZN5hwlib15pin_in_out_fromERNS_10pin_in_outE
                0x0000000000000000        0xc hwlib.o
 .text._ZN5hwlib11pin_oc_fromERNS_6pin_ocE
                0x0000000000000000        0xc hwlib.o
 .text._ZN5hwlib11pin_oc_fromERNS_10pin_in_outE
                0x0000000000000000        0xc hwlib.o
 .text._ZN5hwlib6invertERNS_7pin_outE
                0x0000000000000000        0xc hwlib.o
 .text._ZN5hwlib6invertERNS_6pin_inE
                0x0000000000000000        0xc hwlib.o
 .text._ZN5hwlib6invertERNS_10pin_in_outE
                0x0000000000000000        0xc hwlib.o
 .text._ZN5hwlib6invertERNS_6pin_ocE
                0x0000000000000000        0xc hwlib.o
 .text._ZN5hwlib3allERNS_7pin_outES1_S1_S1_S1_S1_S1_S1_S1_S1_S1_S1_S1_S1_S1_S1_
                0x0000000000000000       0x48 hwlib.o
 .text._ZN5hwlib6directERNS_10pin_in_outE
                0x0000000000000000        0xc hwlib.o
 .text._ZN5hwlib6directERNS_6pin_ocE
                0x0000000000000000        0xc hwlib.o
 .text._ZN5hwlib22port_out_from_in_out_tC2ERNS_11port_in_outE
                0x0000000000000000       0x24 hwlib.o
 .text._ZN5hwlib13port_out_fromERNS_7port_ocE
                0x0000000000000000        0xc hwlib.o
 .text._ZN5hwlib13port_out_fromERNS_8port_outE
                0x0000000000000000        0xc hwlib.o
 .text._ZN5hwlib13port_out_fromERNS_11port_in_outE
                0x0000000000000000        0xc hwlib.o
 .text._ZN5hwlib12port_in_fromERNS_7port_inE
                0x0000000000000000        0xc hwlib.o
 .text._ZN5hwlib12port_in_fromERNS_11port_in_outE
                0x0000000000000000       0x24 hwlib.o
 .text._ZN5hwlib12port_in_fromERNS_7port_ocE
                0x0000000000000000       0x28 hwlib.o
 .text._ZN5hwlib16port_in_out_fromERNS_7port_ocE
                0x0000000000000000        0xc hwlib.o
 .text._ZN5hwlib16port_in_out_fromERNS_11port_in_outE
                0x0000000000000000        0xc hwlib.o
 .text._ZN5hwlib12port_oc_fromERNS_7port_ocE
                0x0000000000000000        0xc hwlib.o
 .text._ZN5hwlib16port_in_out_fromERNS_10pin_in_outES1_S1_S1_S1_S1_S1_S1_S1_S1_S1_S1_S1_S1_S1_S1_
                0x0000000000000000       0x68 hwlib.o
 .text._ZN5hwlib13port_out_fromERNS_6pin_ocES1_S1_S1_S1_S1_S1_S1_S1_S1_S1_S1_S1_S1_S1_S1_
                0x0000000000000000       0x68 hwlib.o
 .text._ZN5hwlib13port_out_fromERNS_7pin_outES1_S1_S1_S1_S1_S1_S1_S1_S1_S1_S1_S1_S1_S1_S1_
                0x0000000000000000       0x68 hwlib.o
 .text._ZN5hwlib12port_in_fromERNS_6pin_inES1_S1_S1_S1_S1_S1_S1_S1_S1_S1_S1_S1_S1_S1_S1_
                0x0000000000000000       0x68 hwlib.o
 .text._ZN5hwlib12port_oc_fromERNS_6pin_ocES1_S1_S1_S1_S1_S1_S1_S1_S1_S1_S1_S1_S1_S1_S1_
                0x0000000000000000       0x68 hwlib.o
 .text._ZN5hwlib6invertERNS_8port_outE
                0x0000000000000000        0xc hwlib.o
 .text._ZN5hwlib6invertERNS_7port_inE
                0x0000000000000000        0xc hwlib.o
 .text._ZN5hwlib6invertERNS_11port_in_outE
                0x0000000000000000        0xc hwlib.o
 .text._ZN5hwlib6invertERNS_7port_ocE
                0x0000000000000000        0xc hwlib.o
 .text._ZN5hwlib3allERNS_8port_outE
                0x0000000000000000        0xc hwlib.o
 .text._ZN5hwlib6directERNS_8port_outE
                0x0000000000000000        0xc hwlib.o
 .text._ZN5hwlib6directERNS_7port_inE
                0x0000000000000000        0xc hwlib.o
 .text._ZN5hwlib6directERNS_11port_in_outE
                0x0000000000000000        0xc hwlib.o
 .text._ZN5hwlib6directERNS_7port_ocE
                0x0000000000000000        0xc hwlib.o
 .text._ZN5hwlib7ostreamlsEc
                0x0000000000000000        0xe hwlib.o
 .text._ZN5hwliblsERNS_7ostreamEPKc
                0x0000000000000000       0x66 hwlib.o
 .text._ZN5hwliblsERNS_7ostreamEi
                0x0000000000000000       0xce hwlib.o
 .text._ZN5hwliblsERNS_7ostreamENS_2xyE
                0x0000000000000000       0x38 hwlib.o
 .text._ZN5hwlib6strlenEPKc
                0x0000000000000000       0x10 hwlib.o
 .text._ZN5hwlib8test_endEv
                0x0000000000000000       0x58 hwlib.o
 .text._ZN5hwliblsERNS_7ostreamERKNS_5colorE
                0x0000000000000000       0x54 hwlib.o
 .text._ZN5hwlib6circle4drawERNS_6windowE
                0x0000000000000000      0x18a hwlib.o
 .text._ZN5hwlib4randEv
                0x0000000000000000       0x20 hwlib.o
 .text._ZN5hwlib15random_in_rangeEjj
                0x0000000000000000       0x1a hwlib.o
 .text._ZN6sam3xa10SystemInitEv
                0x0000000000000000       0x7c hwlib.o
 .text._ZN3due8pin_infoENS_4pinsE
                0x0000000000000000       0x20 hwlib.o
 .text._ZN3due11ad_pin_infoENS_7ad_pinsE
                0x0000000000000000       0x1c hwlib.o
 .text._ZN3due11ad_seq_infoEm
                0x0000000000000000       0x20 hwlib.o
 .text._ZN3due14port_registersEm
                0x0000000000000000       0x54 hwlib.o
 .text._ZN3due12ticks_per_usEv
                0x0000000000000000        0x6 hwlib.o
 .text._ZN3due9now_ticksEv
                0x0000000000000000       0x80 hwlib.o
 .text._ZN3due9uart_initEv
                0x0000000000000000       0x60 hwlib.o
 .text._ZN3due19uart_char_availableEv
                0x0000000000000000       0x18 hwlib.o
 .text._ZN3due9uart_getcEv
                0x0000000000000000       0x18 hwlib.o
 .text._ZN3due9uart_putcEc
                0x0000000000000000       0x1c hwlib.o
 .text._ZN5hwlib9uart_putcEc
                0x0000000000000000        0x4 hwlib.o
 .text._ZN5hwlib20cout_using_uart_putc4putcEc
                0x0000000000000000        0xa hwlib.o
 .text._ZN5hwlib19uart_char_availableEv
                0x0000000000000000        0x4 hwlib.o
 .text._ZN5hwlib19cin_using_uart_getc14char_availableEv
                0x0000000000000000        0x8 hwlib.o
 .text._ZN5hwlib9uart_getcEv
                0x0000000000000000        0x4 hwlib.o
 .text._ZN5hwlib19cin_using_uart_getc4getcEv
                0x0000000000000000        0x8 hwlib.o
 .text._ZN5hwlib9now_ticksEv
                0x0000000000000000        0x8 hwlib.o
 .text._ZN5hwlib12ticks_per_usEv
                0x0000000000000000        0x8 hwlib.o
 .text._ZN5hwlib7wait_usEi
                0x0000000000000000        0x8 hwlib.o
 .text._ZN5hwlib12wait_ns_busyEi
                0x0000000000000000       0x14 hwlib.o
 .text._ZN5hwlib7wait_nsEi
                0x0000000000000000        0x8 hwlib.o
 .text._ZN5hwlib24uart_getc_bit_banged_pinERNS_6pin_inE
                0x0000000000000000       0x72 hwlib.o
 .text._ZN5hwlib5blinkERNS_7pin_outEj
                0x0000000000000000       0x38 hwlib.o
 .text._ZN5hwlib5blinkERNS_10pin_in_outEj
                0x0000000000000000       0x14 hwlib.o
 .text._ZN5hwlib5blinkERNS_6pin_ocEj
                0x0000000000000000       0x14 hwlib.o
 .text._ZN5hwlib5blinkERNS_7pin_outEjj
                0x0000000000000000       0x42 hwlib.o
 .text._ZN5hwlib5blinkERNS_6pin_ocEjj
                0x0000000000000000       0x18 hwlib.o
 .text._ZN5hwlib5blinkERNS_10pin_in_outEjj
                0x0000000000000000       0x1c hwlib.o
 .text._ZN5hwlib4kittERNS_8port_outEj
                0x0000000000000000       0x50 hwlib.o
 .text._ZN5hwlib4kittERNS_11port_in_outEj
                0x0000000000000000       0x14 hwlib.o
 .text._ZN5hwlib4kittERNS_7port_ocEj
                0x0000000000000000       0x14 hwlib.o
 .text._ZN5hwlib5snakeERNS_8port_outEj
                0x0000000000000000       0x30 hwlib.o
 .text._ZN5hwlib5snakeERNS_11port_in_outEj
                0x0000000000000000       0x14 hwlib.o
 .text._ZN5hwlib5snakeERNS_7port_ocEj
                0x0000000000000000       0x14 hwlib.o
 .text._ZN5hwlib14scrolling_textERNS_8terminalEPKcjjj
                0x0000000000000000       0x64 hwlib.o
 .text._ZN5hwlib12dac_triangleERNS_3dacEj
                0x0000000000000000       0x36 hwlib.o
 .text._ZN5hwlib21graphics_random_linesERNS_6windowEj
                0x0000000000000000      0x104 hwlib.o
 .text._ZN5hwlib23graphics_random_circlesERNS_6windowEj
                0x0000000000000000       0x8c hwlib.o
 .text._ZN5hwlib24uart_putc_bit_banged_pinEcRNS_7pin_outE
                0x0000000000000000       0x5c hwlib.o
 .rodata._ZTVN5hwlib18pin_in_out_dummy_tE
                0x0000000000000000       0x24 hwlib.o
 .rodata._ZTVN5hwlib15pin_out_dummy_tE
                0x0000000000000000       0x10 hwlib.o
 .rodata._ZTVN5hwlib14pin_oc_dummy_tE
                0x0000000000000000       0x18 hwlib.o
 .rodata._ZTVN5hwlib17pin_out_from_oc_tE
                0x0000000000000000       0x10 hwlib.o
 .rodata._ZTVN5hwlib18pin_out_from_out_tE
                0x0000000000000000       0x10 hwlib.o
 .rodata._ZTVN5hwlib21pin_out_from_in_out_tE
                0x0000000000000000       0x10 hwlib.o
 .rodata._ZTVN5hwlib16pin_in_from_oc_tE
                0x0000000000000000       0x10 hwlib.o
 .rodata._ZTVN5hwlib16pin_in_from_in_tE
                0x0000000000000000       0x10 hwlib.o
 .rodata._ZTVN5hwlib20pin_in_from_in_out_tE
                0x0000000000000000       0x10 hwlib.o
 .rodata._ZTVN5hwlib20pin_in_out_from_oc_tE
                0x0000000000000000       0x24 hwlib.o
 .rodata._ZTVN5hwlib24pin_in_out_from_in_out_tE
                0x0000000000000000       0x24 hwlib.o
 .rodata._ZTVN5hwlib16pin_oc_from_oc_tE
                0x0000000000000000       0x18 hwlib.o
 .rodata._ZTVN5hwlib20pin_oc_from_in_out_tE
                0x0000000000000000       0x18 hwlib.o
 .rodata._ZTVN5hwlib21pin_invert_from_out_tE
                0x0000000000000000       0x10 hwlib.o
 .rodata._ZTVN5hwlib20pin_invert_from_in_tE
                0x0000000000000000       0x10 hwlib.o
 .rodata._ZTVN5hwlib24pin_invert_from_in_out_tE
                0x0000000000000000       0x24 hwlib.o
 .rodata._ZTVN5hwlib20pin_invert_from_oc_tE
                0x0000000000000000       0x18 hwlib.o
 .rodata._ZTVN5hwlib18all_from_pin_out_tE
                0x0000000000000000       0x10 hwlib.o
 .rodata._ZTVN5hwlib24pin_direct_from_in_out_tE
                0x0000000000000000       0x24 hwlib.o
 .rodata._ZTVN5hwlib20pin_direct_from_oc_tE
                0x0000000000000000       0x18 hwlib.o
 .rodata._ZTVN5hwlib18port_out_from_oc_tE
                0x0000000000000000       0x14 hwlib.o
 .rodata._ZTVN5hwlib19port_out_from_out_tE
                0x0000000000000000       0x14 hwlib.o
 .rodata._ZTVN5hwlib22port_out_from_in_out_tE
                0x0000000000000000       0x14 hwlib.o
 .rodata._ZTVN5hwlib17port_in_from_oc_tE
                0x0000000000000000       0x14 hwlib.o
 .rodata._ZTVN5hwlib17port_in_from_in_tE
                0x0000000000000000       0x14 hwlib.o
 .rodata._ZTVN5hwlib21port_in_from_in_out_tE
                0x0000000000000000       0x14 hwlib.o
 .rodata._ZTVN5hwlib21port_in_out_from_oc_tE
                0x0000000000000000       0x28 hwlib.o
 .rodata._ZTVN5hwlib25port_in_out_from_in_out_tE
                0x0000000000000000       0x28 hwlib.o
 .rodata._ZTVN5hwlib17port_oc_from_oc_tE
                0x0000000000000000       0x1c hwlib.o
 .rodata._ZTVN5hwlib23port_in_out_from_pins_tE
                0x0000000000000000       0x28 hwlib.o
 .rodata._ZTVN5hwlib19port_in_from_pins_tE
                0x0000000000000000       0x14 hwlib.o
 .rodata._ZTVN5hwlib20port_out_from_pins_tE
                0x0000000000000000       0x14 hwlib.o
 .rodata._ZTVN5hwlib23port_out_from_pins_oc_tE
                0x0000000000000000       0x14 hwlib.o
 .rodata._ZTVN5hwlib19port_oc_from_pins_tE
                0x0000000000000000       0x1c hwlib.o
 .rodata._ZTVN5hwlib25port_invert_from_in_out_tE
                0x0000000000000000       0x28 hwlib.o
 .rodata._ZTVN5hwlib21port_invert_from_in_tE
                0x0000000000000000       0x14 hwlib.o
 .rodata._ZTVN5hwlib22port_invert_from_out_tE
                0x0000000000000000       0x14 hwlib.o
 .rodata._ZTVN5hwlib21port_invert_from_oc_tE
                0x0000000000000000       0x1c hwlib.o
 .rodata._ZTVN5hwlib19all_from_port_out_tE
                0x0000000000000000       0x10 hwlib.o
 .rodata._ZTVN5hwlib25port_direct_from_in_out_tE
                0x0000000000000000       0x28 hwlib.o
 .rodata._ZTVN5hwlib21port_direct_from_in_tE
                0x0000000000000000       0x14 hwlib.o
 .rodata._ZTVN5hwlib22port_direct_from_out_tE
                0x0000000000000000       0x14 hwlib.o
 .rodata._ZTVN5hwlib21port_direct_from_oc_tE
                0x0000000000000000       0x1c hwlib.o
 .rodata._ZTVN5hwlib20cout_using_uart_putcE
                0x0000000000000000       0x10 hwlib.o
 .rodata._ZTVN5hwlib19cin_using_uart_getcE
                0x0000000000000000       0x14 hwlib.o
 .rodata._ZTVN5hwlib9image_8x8E
                0x0000000000000000        0xc hwlib.o
 .rodata._ZTVN5hwlib6circleE
                0x0000000000000000        0xc hwlib.o
 .bss._ZN5hwlib11string_base5dummyE
                0x0000000000000000        0x1 hwlib.o
 .bss._ZN5hwlib18_equal_calls_countE
                0x0000000000000000        0x4 hwlib.o
 .bss._ZN5hwlib21_equal_failures_countE
                0x0000000000000000        0x4 hwlib.o
 .bss._ZZN3due9now_ticksEvE4high
                0x0000000000000000        0x8 hwlib.o
 .bss._ZZN3due9now_ticksEvE8last_low
                0x0000000000000000        0x4 hwlib.o
 .bss._ZZN3due9now_ticksEvE9init_done
                0x0000000000000000        0x1 hwlib.o
 .bss._ZZN3due9uart_initEvE9init_done
                0x0000000000000000        0x1 hwlib.o
 .bss._ZZN5hwlib4randEvE1n
                0x0000000000000000        0x4 hwlib.o
 .data._ZN3due7hw_uartE
                0x0000000000000000        0x4 hwlib.o
 .data._ZN5hwlib12pin_oc_dummyE
                0x0000000000000000        0x4 hwlib.o
 .data._ZN5hwlib13pin_out_dummyE
                0x0000000000000000        0x4 hwlib.o
 .data._ZN5hwlib16pin_in_out_dummyE
                0x0000000000000000        0x4 hwlib.o
 .data._ZN5hwlib3cinE
                0x0000000000000000        0x4 hwlib.o
 .data._ZN5hwlib4coutE
                0x0000000000000000       0x14 hwlib.o
 .data._ZN6sam3xa15SystemCoreClockE
                0x0000000000000000        0x4 hwlib.o
 .rodata._ZN3due8pin_infoENS_4pinsE.str1.1
                0x0000000000000000       0x37 hwlib.o
 .rodata._ZN5hwlib16font_default_8x86imagesE
                0x0000000000000000      0xa00 hwlib.o
 .rodata._ZN5hwlib8test_endEv.str1.1
                0x0000000000000000       0x54 hwlib.o
 .rodata._ZN5hwlibL5blackE
                0x0000000000000000        0x4 hwlib.o
 .rodata._ZN5hwlibL5whiteE
                0x0000000000000000        0x4 hwlib.o
 .rodata._ZN5hwliblsERNS_7ostreamENS_2xyE.str1.1
                0x0000000000000000        0x6 hwlib.o
 .rodata._ZN5hwliblsERNS_7ostreamERKNS_5colorE.str1.1
                0x0000000000000000       0x10 hwlib.o
 .rodata._ZZN3due11ad_pin_infoENS_7ad_pinsEE17ad_pin_info_array
                0x0000000000000000        0xc hwlib.o
 .rodata._ZZN3due11ad_seq_infoEmE12ad_seq_array
                0x0000000000000000       0x70 hwlib.o
 .rodata._ZZN3due8pin_infoENS_4pinsEE14pin_info_array
                0x0000000000000000       0xa4 hwlib.o
 .group         0x0000000000000000        0x8 main.o
 .group         0x0000000000000000        0x8 main.o
 .group         0x0000000000000000        0x8 main.o
 .group         0x0000000000000000        0x8 main.o
 .group         0x0000000000000000        0x8 main.o
 .group         0x0000000000000000        0x8 main.o
 .group         0x0000000000000000        0x8 main.o
 .group         0x0000000000000000        0xc main.o
 .group         0x0000000000000000        0xc main.o
 .group         0x0000000000000000        0x8 main.o
 .group         0x0000000000000000        0x8 main.o
 .group         0x0000000000000000        0x8 main.o
 .group         0x0000000000000000        0x8 main.o
 .group         0x0000000000000000        0x8 main.o
 .group         0x0000000000000000        0x8 main.o
 .group         0x0000000000000000        0xc main.o
 .group         0x0000000000000000        0x8 main.o
 .group         0x0000000000000000        0xc main.o
 .group         0x0000000000000000        0xc main.o
 .group         0x0000000000000000        0xc main.o
 .group         0x0000000000000000        0xc main.o
 .group         0x0000000000000000        0xc main.o
 .group         0x0000000000000000        0xc main.o
 .group         0x0000000000000000        0xc main.o
 .group         0x0000000000000000        0xc main.o
 .group         0x0000000000000000        0xc main.o
 .group         0x0000000000000000        0xc main.o
 .group         0x0000000000000000        0xc main.o
 .group         0x0000000000000000        0xc main.o
 .group         0x0000000000000000        0xc main.o
 .text          0x0000000000000000        0x0 main.o
 .data          0x0000000000000000        0x0 main.o
 .bss           0x0000000000000000        0x0 main.o
 .text._ZN5hwlib8terminal25cursor_set_implementationENS_2xyE
                0x0000000000000000        0xc main.o
 .text._ZN5hwlib8terminal5flushEv
                0x0000000000000000        0x2 main.o
 .text._ZN5hwlib8terminal5clearEv
                0x0000000000000000       0x50 main.o
 .text._ZN5hwlib21pin_direct_from_out_t5writeEb
                0x0000000000000000       0x18 main.o
 .text._ZN5hwlib6window5writeENS_2xyENS_5colorE
                0x0000000000000000       0x3e main.o
 .text._ZN5hwlib4line4drawERNS_6windowE
                0x0000000000000000       0xb4 main.o
 .text._ZN6sam3xa10SystemInitEv
                0x0000000000000000       0x7c main.o
 .text._ZN3due8pin_infoENS_4pinsE
                0x0000000000000000       0x20 main.o
 .text._ZN3due11ad_pin_infoENS_7ad_pinsE
                0x0000000000000000       0x1c main.o
 .text._ZN3due11ad_seq_infoEm
                0x0000000000000000       0x20 main.o
 .text._ZN3due14port_registersEm
                0x0000000000000000       0x54 main.o
 .text._ZN3due12ticks_per_usEv
                0x0000000000000000        0x6 main.o
 .text._ZN3due9now_ticksEv
                0x0000000000000000       0x80 main.o
 .text._ZN5hwlib9uart_putcEc
                0x0000000000000000        0x4 main.o
 .text._ZN5hwlib19uart_char_availableEv
                0x0000000000000000        0x4 main.o
 .text._ZN5hwlib9uart_getcEv
                0x0000000000000000        0x4 main.o
 .rodata._ZTVN5hwlib4lineE
                0x0000000000000000        0xc main.o
 .bss._ZZN3due9now_ticksEvE4high
                0x0000000000000000        0x8 main.o
 .bss._ZZN3due9now_ticksEvE8last_low
                0x0000000000000000        0x4 main.o
 .bss._ZZN3due9now_ticksEvE9init_done
                0x0000000000000000        0x1 main.o
 .data._ZN6sam3xa15SystemCoreClockE
                0x0000000000000000        0x4 main.o
 .rodata._ZN3due8pin_infoENS_4pinsE.str1.1
                0x0000000000000000       0x37 main.o
 .rodata._ZZN3due11ad_pin_infoENS_7ad_pinsEE17ad_pin_info_array
                0x0000000000000000        0xc main.o
 .rodata._ZZN3due11ad_seq_infoEmE12ad_seq_array
                0x0000000000000000       0x70 main.o
 .rodata._ZZN3due8pin_infoENS_4pinsEE14pin_info_array
                0x0000000000000000       0xa4 main.o
 .text          0x0000000000000000        0x0 bmptk_cortex.o
 .data          0x0000000000000000        0x0 bmptk_cortex.o
 .bss           0x0000000000000000        0x0 bmptk_cortex.o
 .text.__aeabi_idiv0
                0x0000000000000000        0x4 bmptk_cortex.o
 .text.__cxa_pure_virtual
                0x0000000000000000        0x2 bmptk_cortex.o
 COMMON         0x0000000000000000        0x4 bmptk_cortex.o
 .text          0x0000000000000000        0x0 bmptk_heap_none.o
 .data          0x0000000000000000        0x0 bmptk_heap_none.o
 .bss           0x0000000000000000        0x0 bmptk_heap_none.o
 .text.malloc   0x0000000000000000        0xa bmptk_heap_none.o
 .text.free     0x0000000000000000        0x4 bmptk_heap_none.o
 .comment       0x0000000000000000       0x80 bmptk_heap_none.o
 .text          0x0000000000000000        0x0 bmptk_fixed_size_stack.o
 .data          0x0000000000000000        0x0 bmptk_fixed_size_stack.o
 .bss           0x0000000000000000        0x0 bmptk_fixed_size_stack.o
 .data          0x0000000000000000        0x0 /usr/bin/../lib/gcc/arm-none-eabi/7.3.1/thumb/v7-m/libgcc.a(_aeabi_uldivmod.o)
 .bss           0x0000000000000000        0x0 /usr/bin/../lib/gcc/arm-none-eabi/7.3.1/thumb/v7-m/libgcc.a(_aeabi_uldivmod.o)
 .data          0x0000000000000000        0x0 /usr/bin/../lib/gcc/arm-none-eabi/7.3.1/thumb/v7-m/libgcc.a(_udivmoddi4.o)
 .bss           0x0000000000000000        0x0 /usr/bin/../lib/gcc/arm-none-eabi/7.3.1/thumb/v7-m/libgcc.a(_udivmoddi4.o)
 .ARM.extab     0x0000000000000000        0x0 /usr/bin/../lib/gcc/arm-none-eabi/7.3.1/thumb/v7-m/libgcc.a(_udivmoddi4.o)
 .data          0x0000000000000000        0x0 /usr/bin/../lib/gcc/arm-none-eabi/7.3.1/thumb/v7-m/libgcc.a(_dvmd_tls.o)
 .bss           0x0000000000000000        0x0 /usr/bin/../lib/gcc/arm-none-eabi/7.3.1/thumb/v7-m/libgcc.a(_dvmd_tls.o)
 .data          0x0000000000000000        0x0 /usr/bin/../lib/gcc/arm-none-eabi/7.3.1/../../../../arm-none-eabi/lib/thumb/v7-m/libc.a(lib_a-memcpy.o)
 .bss           0x0000000000000000        0x0 /usr/bin/../lib/gcc/arm-none-eabi/7.3.1/../../../../arm-none-eabi/lib/thumb/v7-m/libc.a(lib_a-memcpy.o)

Memory Configuration

Name             Origin             Length             Attributes
rom              0x0000000000000000 0x0000000000080000 xr
ram              0x0000000020000000 0x0000000000018000 xrw
nul              0x0000000020018000 0x0000000000000000 xrw
*default*        0x0000000000000000 0xffffffffffffffff

Linker script and memory map

LOAD /usr/bin/../lib/gcc/arm-none-eabi/7.3.1/thumb/v7-m/libgcc.a
LOAD ILI9341_buffered.o
LOAD hwlib.o
LOAD main.o
LOAD bmptk_cortex.o
LOAD bmptk_heap_none.o
LOAD bmptk_fixed_size_stack.o
LOAD /usr/bin/../lib/gcc/arm-none-eabi/7.3.1/../../../../arm-none-eabi/lib/thumb/v7-m/libm.a
LOAD /usr/bin/../lib/gcc/arm-none-eabi/7.3.1/thumb/v7-m/libgcc.a
LOAD /usr/bin/../lib/gcc/arm-none-eabi/7.3.1/../../../../arm-none-eabi/lib/thumb/v7-m/libc.a
                0x0000000000000000                __rom_start = ORIGIN (rom)
                0x0000000000080000                __rom_size = LENGTH (rom)
                0x0000000000080000                __rom_end = (__rom_start + __rom_size)
                0x0000000020000000                __ram_start = ORIGIN (ram)
                0x0000000000018000                __ram_size = LENGTH (ram)
                0x0000000020018000                __ram_end = (__ram_start + __ram_size)
                [!provide]                        PROVIDE (__rom_start = __rom_start)
                [!provide]                        PROVIDE (__rom_size = __rom_size)
                [!provide]                        PROVIDE (__rom_end = __rom_end)
                [!provide]                        PROVIDE (__ram_start = __ram_start)
                [!provide]                        PROVIDE (__ram_size = __ram_size)
                [!provide]                        PROVIDE (__ram_end = __ram_end)

.text           0x0000000000000000     0x2fac
                0x0000000000000000                . = ALIGN (0x4)
                0x0000000000000000                __text_start = .
                [!provide]                        PROVIDE (__text_start = __text_start)
                0x0000000000000000                . = ALIGN (0x4)
 *(.vectors)
 .vectors       0x0000000000000000       0x20 bmptk_cortex.o
                0x0000000000000000                __vectors
                0x0000000000000020                . = ALIGN (0x4)
 *(.text .text.* .gnu.linkonce.t.*)
 .text._ZN7ili93415flushEv
                0x0000000000000020        0x2 ILI9341_buffered.o
                0x0000000000000020                ili9341::flush()
 .text._ZN5hwlib6window5clearENS_5colorE
                0x0000000000000022       0x64 ILI9341_buffered.o
                0x0000000000000022                hwlib::window::clear(hwlib::color)
 .text._ZN5hwlib21pin_direct_from_out_t5writeEb
                0x0000000000000086       0x18 ILI9341_buffered.o
                0x0000000000000086                hwlib::pin_direct_from_out_t::write(bool)
 .text._ZN5hwlib7spi_bus15spi_transactionC2ERS0_RNS_7pin_outE
                0x000000000000009e       0x1e ILI9341_buffered.o
                0x000000000000009e                hwlib::spi_bus::spi_transaction::spi_transaction(hwlib::spi_bus&, hwlib::pin_out&)
                0x000000000000009e                hwlib::spi_bus::spi_transaction::spi_transaction(hwlib::spi_bus&, hwlib::pin_out&)
 .text._ZN5hwlib7spi_bus15spi_transactionD2Ev
                0x00000000000000bc       0x10 ILI9341_buffered.o
                0x00000000000000bc                hwlib::spi_bus::spi_transaction::~spi_transaction()
                0x00000000000000bc                hwlib::spi_bus::spi_transaction::~spi_transaction()
 .text._ZN6sam3xa10SystemInitEv
                0x00000000000000cc       0x7c ILI9341_buffered.o
                0x00000000000000cc                sam3xa::SystemInit()
 .text._ZN3due8pin_infoENS_4pinsE
                0x0000000000000148       0x20 ILI9341_buffered.o
                0x0000000000000148                due::pin_info(due::pins)
 .text._ZN3due14port_registersEm
                0x0000000000000168       0x54 ILI9341_buffered.o
                0x0000000000000168                due::port_registers(unsigned long)
 .text._ZN3due12ticks_per_usEv
                0x00000000000001bc        0x6 ILI9341_buffered.o
                0x00000000000001bc                due::ticks_per_us()
 *fill*         0x00000000000001c2        0x2 
 .text._ZN3due9now_ticksEv
                0x00000000000001c4       0x80 ILI9341_buffered.o
                0x00000000000001c4                due::now_ticks()
 .text._ZN7ili934113get_565_colorEhhh
                0x0000000000000244       0x18 ILI9341_buffered.o
                0x0000000000000244                ili9341::get_565_color(unsigned char, unsigned char, unsigned char)
 .text._ZN7ili934113send_command8E16ili9341_commands
                0x000000000000025c       0x3a ILI9341_buffered.o
                0x000000000000025c                ili9341::send_command8(ili9341_commands)
 .text._ZN7ili934113send_command8E16ili9341_commandsh
                0x0000000000000296       0x58 ILI9341_buffered.o
                0x0000000000000296                ili9341::send_command8(ili9341_commands, unsigned char)
 .text._ZN7ili934113send_command8E16ili9341_commandshh
                0x00000000000002ee       0x70 ILI9341_buffered.o
                0x00000000000002ee                ili9341::send_command8(ili9341_commands, unsigned char, unsigned char)
 .text._ZN7ili934113send_command8E16ili9341_commandshhh
                0x000000000000035e       0x86 ILI9341_buffered.o
                0x000000000000035e                ili9341::send_command8(ili9341_commands, unsigned char, unsigned char, unsigned char)
 .text._ZN7ili934113send_command8E16ili9341_commandshhhhhhhhhhhhhhh
                0x00000000000003e4      0x1a0 ILI9341_buffered.o
                0x00000000000003e4                ili9341::send_command8(ili9341_commands, unsigned char, unsigned char, unsigned char, unsigned char, unsigned char, unsigned char, unsigned char, unsigned char, unsigned char, unsigned char, unsigned char, unsigned char, unsigned char, unsigned char, unsigned char)
 .text._ZN7ili934110send_data8Eh
                0x0000000000000584       0x3a ILI9341_buffered.o
                0x0000000000000584                ili9341::send_data8(unsigned char)
 .text._ZN7ili934111send_data16Et
                0x00000000000005be       0x18 ILI9341_buffered.o
                0x00000000000005be                ili9341::send_data16(unsigned short)
 .text._ZN7ili934111set_addressEtttt
                0x00000000000005d6       0x6e ILI9341_buffered.o
                0x00000000000005d6                ili9341::set_address(unsigned short, unsigned short, unsigned short, unsigned short)
 .text._ZN7ili934117set_address_clearEtttt
                0x0000000000000644       0x4a ILI9341_buffered.o
                0x0000000000000644                ili9341::set_address_clear(unsigned short, unsigned short, unsigned short, unsigned short)
 .text._ZN7ili93414initEv
                0x000000000000068e      0x16c ILI9341_buffered.o
                0x000000000000068e                ili9341::init()
 *fill*         0x00000000000007fa        0x2 
 .text._ZN7ili9341C2ERN5hwlib7spi_busERNS0_7pin_outES4_S4_
                0x00000000000007fc       0x40 ILI9341_buffered.o
                0x00000000000007fc                ili9341::ili9341(hwlib::spi_bus&, hwlib::pin_out&, hwlib::pin_out&, hwlib::pin_out&)
                0x00000000000007fc                ili9341::ili9341(hwlib::spi_bus&, hwlib::pin_out&, hwlib::pin_out&, hwlib::pin_out&)
 .text._ZN7ili934110clearPixelEtt
                0x000000000000083c       0x34 ILI9341_buffered.o
                0x000000000000083c                ili9341::clearPixel(unsigned short, unsigned short)
 .text._ZN7ili93415clearEv
                0x0000000000000870       0x78 ILI9341_buffered.o
                0x0000000000000870                ili9341::clear()
 .text._ZN7ili93419clearPartEtttt
                0x00000000000008e8       0x34 ILI9341_buffered.o
                0x00000000000008e8                ili9341::clearPart(unsigned short, unsigned short, unsigned short, unsigned short)
 .text._ZN7ili93418setPixelEttt
                0x000000000000091c       0x48 ILI9341_buffered.o
                0x000000000000091c                ili9341::setPixel(unsigned short, unsigned short, unsigned short)
 .text._ZN7ili934120write_implementationEN5hwlib2xyENS0_5colorE
                0x0000000000000964       0x32 ILI9341_buffered.o
                0x0000000000000964                ili9341::write_implementation(hwlib::xy, hwlib::color)
 .text._ZN7ili934111setRotationEb
                0x0000000000000996        0x8 ILI9341_buffered.o
                0x0000000000000996                ili9341::setRotation(bool)
 .text._ZN5hwlib14pin_in_dummy_t4readEv
                0x000000000000099e        0x4 hwlib.o
                0x000000000000099e                hwlib::pin_in_dummy_t::read()
 .text._ZN5hwlib14pin_in_dummy_t7refreshEv
                0x00000000000009a2        0x2 hwlib.o
                0x00000000000009a2                hwlib::pin_in_dummy_t::refresh()
 .text._ZN5hwlib20pin_direct_from_in_t4readEv
                0x00000000000009a4       0x18 hwlib.o
                0x00000000000009a4                hwlib::pin_direct_from_in_t::read()
 .text._ZN5hwlib20pin_direct_from_in_t7refreshEv
                0x00000000000009bc        0x2 hwlib.o
                0x00000000000009bc                hwlib::pin_direct_from_in_t::refresh()
 .text._ZN5hwlib21pin_direct_from_out_t5flushEv
                0x00000000000009be        0x2 hwlib.o
                0x00000000000009be                hwlib::pin_direct_from_out_t::flush()
 .text._ZNK5hwlib14image_invert_t18get_implementationENS_2xyE
                0x00000000000009c0       0x8a hwlib.o
                0x00000000000009c0                hwlib::image_invert_t::get_implementation(hwlib::xy) const
 .text._ZN5hwlib5panicEPKcj
                0x0000000000000a4a        0x2 hwlib.o
                0x0000000000000a4a                hwlib::panic(char const*, unsigned int)
 .text._ZN5hwlib6directERNS_7pin_outE
                0x0000000000000a4c        0xc hwlib.o
                0x0000000000000a4c                hwlib::direct(hwlib::pin_out&)
 .text._ZN5hwlib6directERNS_6pin_inE
                0x0000000000000a58        0xc hwlib.o
                0x0000000000000a58                hwlib::direct(hwlib::pin_in&)
 .text._ZN5hwlib3allENS_2xyE
                0x0000000000000a64       0x16 hwlib.o
                0x0000000000000a64                hwlib::all(hwlib::xy)
 *fill*         0x0000000000000a7a        0x2 
 .text._ZN5hwlib6invertERKNS_5imageE
                0x0000000000000a7c       0x18 hwlib.o
                0x0000000000000a7c                hwlib::invert(hwlib::image const&)
 .text._ZN5hwlib6window5writeENS_2xyENS_5colorE
                0x0000000000000a94       0x3e hwlib.o
                0x0000000000000a94                hwlib::window::write(hwlib::xy, hwlib::color)
 .text._ZN5hwlib4line4drawERNS_6windowE
                0x0000000000000ad2       0xb4 hwlib.o
                0x0000000000000ad2                hwlib::line::draw(hwlib::window&)
 .text._ZN5hwlib6now_usEv
                0x0000000000000b86       0x1c hwlib.o
                0x0000000000000b86                hwlib::now_us()
 .text._ZN5hwlib12wait_us_busyEi
                0x0000000000000ba2       0x1c hwlib.o
                0x0000000000000ba2                hwlib::wait_us_busy(int)
 .text._ZN5hwlib12wait_ms_busyEi
                0x0000000000000bbe       0x16 hwlib.o
                0x0000000000000bbe                hwlib::wait_ms_busy(int)
 .text._ZN5hwlib7wait_msEi
                0x0000000000000bd4        0x8 hwlib.o
                0x0000000000000bd4                hwlib::wait_ms(int)
 .text._ZN5hwlib8terminal10cursor_setENS_2xyE
                0x0000000000000bdc       0x28 main.o
                0x0000000000000bdc                hwlib::terminal::cursor_set(hwlib::xy)
 .text._ZN5hwlib13terminal_from25cursor_set_implementationENS_2xyE
                0x0000000000000c04       0x28 main.o
                0x0000000000000c04                hwlib::terminal_from::cursor_set_implementation(hwlib::xy)
 .text._ZN5hwlib13terminal_from5clearEv
                0x0000000000000c2c       0x28 main.o
                0x0000000000000c2c                hwlib::terminal_from::clear()
 .text._ZN5hwlib13terminal_from5flushEv
                0x0000000000000c54        0x8 main.o
                0x0000000000000c54                hwlib::terminal_from::flush()
 .text._ZNK5hwlib11image_16x1618get_implementationENS_2xyE
                0x0000000000000c5c       0x68 main.o
                0x0000000000000c5c                hwlib::image_16x16::get_implementation(hwlib::xy) const
 .text._ZNK5hwlib18font_default_16x16ixEc
                0x0000000000000cc4       0x10 main.o
                0x0000000000000cc4                hwlib::font_default_16x16::operator[](char) const
 .text._ZN3due6pin_in4readEv
                0x0000000000000cd4       0x10 main.o
                0x0000000000000cd4                due::pin_in::read()
 .text._ZN3due6pin_in7refreshEv
                0x0000000000000ce4        0x2 main.o
                0x0000000000000ce4                due::pin_in::refresh()
 .text._ZN3due7pin_out5writeEb
                0x0000000000000ce6        0xe main.o
                0x0000000000000ce6                due::pin_out::write(bool)
 .text._ZN3due7pin_out5flushEv
                0x0000000000000cf4        0x2 main.o
                0x0000000000000cf4                due::pin_out::flush()
 .text._ZN5hwlib8terminal4putcEc
                0x0000000000000cf6       0xde main.o
                0x0000000000000cf6                hwlib::terminal::putc(char)
 .text._ZN5hwlib33spi_bus_bit_banged_sclk_mosi_miso14write_and_readEjPKhPh
                0x0000000000000dd4       0x76 main.o
                0x0000000000000dd4                hwlib::spi_bus_bit_banged_sclk_mosi_miso::write_and_read(unsigned int, unsigned char const*, unsigned char*)
 .text._ZN5hwlib6window5writeENS_2xyERKNS_5imageE
                0x0000000000000e4a       0x86 main.o
                0x0000000000000e4a                hwlib::window::write(hwlib::xy, hwlib::image const&)
 .text._ZN5hwlib13terminal_from19putc_implementationEc
                0x0000000000000ed0       0x2e main.o
                0x0000000000000ed0                hwlib::terminal_from::putc_implementation(char)
 *fill*         0x0000000000000efe        0x2 
 .text._ZN3due6pin_inC2ENS_4pinsE
                0x0000000000000f00       0x34 main.o
                0x0000000000000f00                due::pin_in::pin_in(due::pins)
                0x0000000000000f00                due::pin_in::pin_in(due::pins)
 .text._ZN3due7pin_outC2ENS_4pinsE
                0x0000000000000f34       0x34 main.o
                0x0000000000000f34                due::pin_out::pin_out(due::pins)
                0x0000000000000f34                due::pin_out::pin_out(due::pins)
 .text._Z17blinkUntilPressedRN5hwlib13terminal_fromER7ili9341RNS_6pin_inES5_RKNS_2xyEc
                0x0000000000000f68       0xe8 main.o
                0x0000000000000f68                blinkUntilPressed(hwlib::terminal_from&, ili9341&, hwlib::pin_in&, hwlib::pin_in&, hwlib::xy const&, char)
 .text._Z22printWinMessageAndWaitRN5hwlib13terminal_fromERNS_6pin_inES3_c
                0x0000000000001050      0x100 main.o
                0x0000000000001050                printWinMessageAndWait(hwlib::terminal_from&, hwlib::pin_in&, hwlib::pin_in&, char)
 .text.startup.main
                0x0000000000001150      0x450 main.o
                0x0000000000001150                main
 .text.__startup
                0x00000000000015a0       0x48 bmptk_cortex.o
                0x00000000000015a0                __startup
 .text          0x00000000000015e8       0x30 /usr/bin/../lib/gcc/arm-none-eabi/7.3.1/thumb/v7-m/libgcc.a(_aeabi_uldivmod.o)
                0x00000000000015e8                __aeabi_uldivmod
 .text          0x0000000000001618      0x2d0 /usr/bin/../lib/gcc/arm-none-eabi/7.3.1/thumb/v7-m/libgcc.a(_udivmoddi4.o)
                0x0000000000001618                __udivmoddi4
 .text          0x00000000000018e8        0x4 /usr/bin/../lib/gcc/arm-none-eabi/7.3.1/thumb/v7-m/libgcc.a(_dvmd_tls.o)
                0x00000000000018e8                __aeabi_ldiv0
 .text          0x00000000000018ec       0xec /usr/bin/../lib/gcc/arm-none-eabi/7.3.1/../../../../arm-none-eabi/lib/thumb/v7-m/libc.a(lib_a-memcpy.o)
                0x00000000000018ec                memcpy
                0x00000000000019d8                . = ALIGN (0x4)
 *(.glue_7t .glue_7)
 .glue_7        0x00000000000019d8        0x0 linker stubs
 .glue_7t       0x00000000000019d8        0x0 linker stubs
                0x00000000000019d8                . = ALIGN (0x4)
 *(.rodata .rodata.* .gnu.linkonce.r.*)
 .rodata._ZN3due8pin_infoENS_4pinsE.str1.1
                0x00000000000019d8       0x37 ILI9341_buffered.o
 *fill*         0x0000000000001a0f        0x1 
 .rodata._ZTV7ili9341
                0x0000000000001a10       0x18 ILI9341_buffered.o
                0x0000000000001a10                vtable for ili9341
 .rodata._ZZN3due8pin_infoENS_4pinsEE14pin_info_array
                0x0000000000001a28       0xa4 ILI9341_buffered.o
 .rodata._ZTVN5hwlib14pin_in_dummy_tE
                0x0000000000001acc       0x10 hwlib.o
                0x0000000000001acc                vtable for hwlib::pin_in_dummy_t
 .rodata._ZTVN5hwlib20pin_direct_from_in_tE
                0x0000000000001adc       0x10 hwlib.o
                0x0000000000001adc                vtable for hwlib::pin_direct_from_in_t
 .rodata._ZTVN5hwlib21pin_direct_from_out_tE
                0x0000000000001aec       0x10 hwlib.o
                0x0000000000001aec                vtable for hwlib::pin_direct_from_out_t
 .rodata._ZTVN5hwlib14image_invert_tE
                0x0000000000001afc        0xc hwlib.o
                0x0000000000001afc                vtable for hwlib::image_invert_t
 .rodata._ZTVN5hwlib4lineE
                0x0000000000001b08        0xc hwlib.o
                0x0000000000001b08                vtable for hwlib::line
 .rodata._ZN5hwlib15font_16x16_dataE
                0x0000000000001b14      0xbe4 hwlib.o
                0x0000000000001b14                hwlib::font_16x16_data
 .rodata._ZTVN5hwlib33spi_bus_bit_banged_sclk_mosi_misoE
                0x00000000000026f8        0xc main.o
                0x00000000000026f8                vtable for hwlib::spi_bus_bit_banged_sclk_mosi_miso
 .rodata._ZTVN5hwlib13terminal_fromE
                0x0000000000002704       0x20 main.o
                0x0000000000002704                vtable for hwlib::terminal_from
 .rodata._ZTVN5hwlib11image_16x16E
                0x0000000000002724        0xc main.o
                0x0000000000002724                vtable for hwlib::image_16x16
 .rodata._ZTVN5hwlib18font_default_16x16E
                0x0000000000002730        0xc main.o
                0x0000000000002730                vtable for hwlib::font_default_16x16
 .rodata._ZTVN3due6pin_inE
                0x000000000000273c       0x10 main.o
                0x000000000000273c                vtable for due::pin_in
 .rodata._ZTVN3due7pin_outE
                0x000000000000274c       0x10 main.o
                0x000000000000274c                vtable for due::pin_out
 .rodata        0x000000000000275c       0x48 main.o
 .rodata._ZN5hwlibL13_images_16x16E
                0x00000000000027a4      0x800 main.o
 .rodata._ZN5hwlibL5blackE
                0x0000000000002fa4        0x4 main.o
 .rodata._ZN5hwlibL5whiteE
                0x0000000000002fa8        0x4 main.o
                0x0000000000002fac                . = ALIGN (0x4)
 *(.ARM.extab* .gnu.linkonce.armextab.*)
                0x0000000000002fac                . = ALIGN (0x4)
 *(.gcc_except_table)
                0x0000000000002fac                . = ALIGN (0x4)
 *(.eh_frame_hdr)
                0x0000000000002fac                . = ALIGN (0x4)
 *(.eh_frame)
                0x0000000000002fac                . = ALIGN (0x4)
                0x0000000000002fac                __text_end = .
                [!provide]                        PROVIDE (__text_end = __text_end)

.vfp11_veneer   0x0000000000002fac        0x0
 .vfp11_veneer  0x0000000000002fac        0x0 linker stubs

.v4_bx          0x0000000000002fac        0x0
 .v4_bx         0x0000000000002fac        0x0 linker stubs

.iplt           0x0000000000002fac        0x0
 .iplt          0x0000000000002fac        0x0 ILI9341_buffered.o

.IF_YOU_SEE_THIS_YOU_HAVE_ONE_OR_MORE_GLOBAL_OBJECT_CONSTRUCTORS
 *(.init)
 *(.preinit_array)
 *(SORT_BY_NAME(.init_array.*))
 *(.init_array)
                0x0000000000002fac                . = ALIGN (0x4)
                0x0000000000002fac                __exidx_start = .
                [!provide]                        PROVIDE (__exidx_start = __exidx_start)

.ARM.exidx      0x0000000000002fac        0x8
 *(.ARM.exidx* .gnu.linkonce.armexidx.*)
 .ARM.exidx     0x0000000000002fac        0x8 /usr/bin/../lib/gcc/arm-none-eabi/7.3.1/thumb/v7-m/libgcc.a(_udivmoddi4.o)

.rel.dyn        0x0000000000002fb4        0x0
 .rel.iplt      0x0000000000002fb4        0x0 ILI9341_buffered.o
                0x0000000000002fb4                . = ALIGN (0x4)
                0x0000000000002fb4                __exidx_end = .
                [!provide]                        PROVIDE (__exidx_end = __exidx_end)

.bss            0x0000000020000000    0x12010
                0x0000000020000000                . = ALIGN (0x4)
                0x0000000020000000                __stack_start = .
                [!provide]                        PROVIDE (__stack_start = __stack_start)
                0x0000000020000000                . = ALIGN (0x4)
 *(.bmptk_stack)
 .bmptk_stack   0x0000000020000000    0x12000 bmptk_fixed_size_stack.o
                0x0000000020000000                bmptk_stack
                0x0000000020012000                . = ALIGN (0x8)
                0x0000000020012000                __main_stack_end = .
                [!provide]                        PROVIDE (__main_stack_end = __main_stack_end)
                0x0000000020012000                . = ALIGN (0x4)
                0x0000000020012000                __stack_end = .
                [!provide]                        PROVIDE (__stack_end = __stack_end)
                0x0000000020012000                . = ALIGN (0x4)
                0x0000000020012000                __bss_start = .
                [!provide]                        PROVIDE (__bss_start = __bss_start)
                0x0000000020012000                . = ALIGN (0x4)
 *(.bss .bss.* .gnu.linkonce.b.*)
 .bss._ZZN3due9now_ticksEvE4high
                0x0000000020012000        0x8 ILI9341_buffered.o
 .bss._ZZN3due9now_ticksEvE8last_low
                0x0000000020012008        0x4 ILI9341_buffered.o
 .bss._ZZN3due9now_ticksEvE9init_done
                0x000000002001200c        0x1 ILI9341_buffered.o
                0x0000000020012010                . = ALIGN (0x4)
 *fill*         0x000000002001200d        0x3 
 *(COMMON)
                0x0000000020012010                . = ALIGN (0x4)
                0x0000000020012010                __bss_end = .
                [!provide]                        PROVIDE (__bss_end = __bss_end)

.data           0x0000000020012010        0x8 load address 0x0000000000002fb4
                0x0000000020012010                . = ALIGN (0x4)
                0x0000000000002fb4                __data_init_start = LOADADDR (.data)
                [!provide]                        PROVIDE (__data_init_start = __data_init_start)
                0x0000000020012010                __data_start = .
                [!provide]                        PROVIDE (__data_start = __data_start)
                0x0000000020012010                . = ALIGN (0x4)
 *(.data .data.* .gnu.linkonce.d.*)
 .data._ZN6sam3xa15SystemCoreClockE
                0x0000000020012010        0x4 ILI9341_buffered.o
                0x0000000020012010                sam3xa::SystemCoreClock
 .data._ZN5hwlib12pin_in_dummyE
                0x0000000020012014        0x4 hwlib.o
                0x0000000020012014                hwlib::pin_in_dummy
                0x0000000020012018                . = ALIGN (0x4)
                0x0000000020012018                __data_end = .
                [!provide]                        PROVIDE (__data_end = __data_end)
                0x0000000000002fb4                __data_init_end = LOADADDR (.data)
                [!provide]                        PROVIDE (__data_init_end = __data_init_end)
                [!provide]                        PROVIDE (__data_size = (__data_end - __data_start))
                [!provide]                        PROVIDE (__data_init_size = __data_size)
                [!provide]                        PROVIDE (__data_init_end = (__data_init_start + __data_init_size))

.igot.plt       0x0000000020012018        0x0 load address 0x0000000000002fbc
 .igot.plt      0x0000000020012018        0x0 ILI9341_buffered.o
                0x0000000020012018                . = ALIGN (0x4)
                0x0000000020012018                __heap_start = .
                [!provide]                        PROVIDE (__heap_start = __heap_start)
                0x0000000020012018                . = ALIGN (0x4)
                0x0000000020018000                __heap_end = __ram_end
                [!provide]                        PROVIDE (__heap_end = __heap_end)

.stab
 *(.stab)

.stabstr
 *(.stabstr)

.debug
 *(.debug)

.line
 *(.line)

.debug_srcinfo
 *(.debug_srcinfo)

.debug_sfnames
 *(.debug_sfnames)

.debug_aranges
 *(.debug_aranges)

.debug_pubnames
 *(.debug_pubnames)

.debug_info
 *(.debug_info .gnu.linkonce.wi.*)

.debug_abbrev
 *(.debug_abbrev)

.debug_line
 *(.debug_line)

.debug_frame    0x0000000000000000       0x60
 *(.debug_frame)
 .debug_frame   0x0000000000000000       0x2c /usr/bin/../lib/gcc/arm-none-eabi/7.3.1/thumb/v7-m/libgcc.a(_aeabi_uldivmod.o)
 .debug_frame   0x000000000000002c       0x34 /usr/bin/../lib/gcc/arm-none-eabi/7.3.1/thumb/v7-m/libgcc.a(_udivmoddi4.o)

.comment        0x0000000000000000       0x7f
 .comment       0x0000000000000000       0x7f ILI9341_buffered.o
                                         0x80 (size before relaxing)
 .comment       0x000000000000007f       0x80 hwlib.o
 .comment       0x000000000000007f       0x80 main.o
 .comment       0x000000000000007f       0x80 bmptk_cortex.o
 .comment       0x000000000000007f       0x80 bmptk_fixed_size_stack.o

.debug_str
 *(.debug_str)

.debug_loc
 *(.debug_loc)

.debug_macinfo
 *(.debug_macinfo)

.debug_weaknames
 *(.debug_weaknames)

.debug_funcnames
 *(.debug_funcnames)

.debug_typenames
 *(.debug_typenames)

.debug_varnames
 *(.debug_varnames)

.note.gnu.arm.ident
 *(.note.gnu.arm.ident)

.ARM.attributes
                0x0000000000000000       0x31
 *(.ARM.attributes)
 .ARM.attributes
                0x0000000000000000       0x33 ILI9341_buffered.o
 .ARM.attributes
                0x0000000000000033       0x33 hwlib.o
 .ARM.attributes
                0x0000000000000066       0x33 main.o
 .ARM.attributes
                0x0000000000000099       0x33 bmptk_cortex.o
 .ARM.attributes
                0x00000000000000cc       0x33 bmptk_heap_none.o
 .ARM.attributes
                0x00000000000000ff       0x33 bmptk_fixed_size_stack.o
 .ARM.attributes
                0x0000000000000132       0x1d /usr/bin/../lib/gcc/arm-none-eabi/7.3.1/thumb/v7-m/libgcc.a(_aeabi_uldivmod.o)
 .ARM.attributes
                0x000000000000014f       0x2d /usr/bin/../lib/gcc/arm-none-eabi/7.3.1/thumb/v7-m/libgcc.a(_udivmoddi4.o)
 .ARM.attributes
                0x000000000000017c       0x1d /usr/bin/../lib/gcc/arm-none-eabi/7.3.1/thumb/v7-m/libgcc.a(_dvmd_tls.o)
 .ARM.attributes
                0x0000000000000199       0x1b /usr/bin/../lib/gcc/arm-none-eabi/7.3.1/../../../../arm-none-eabi/lib/thumb/v7-m/libc.a(lib_a-memcpy.o)

/DISCARD/
 *(.note.GNU-stack)
                [!provide]                        PROVIDE (__text_size = (__text_end - __text_start))
                [!provide]                        PROVIDE (__exidx_size = (__exidx_end - __exidx_start))
                [!provide]                        PROVIDE (__bss_size = (__bss_end - __bss_start))
                [!provide]                        PROVIDE (__stack_size = (__stack_end - __stack_start))
                [!provide]                        PROVIDE (__heap_size = (__heap_end - __heap_start))
OUTPUT(main.elf elf32-littlearm)
